// Jest Snapshot v1, https://goo.gl/fbAQLP

exports[`posts a simple message 1`] = `
[MockFunction] {
  "calls": [
    [
      {
        "blocks": [
          {
            "text": {
              "text": "*org/project* _development_ has completed :white_check_mark:",
              "type": "mrkdwn",
            },
            "type": "section",
          },
          {
            "fields": [
              {
                "text": "_@org_/*project-0*",
                "type": "mrkdwn",
              },
              {
                "text": "_@org_/*project-1*",
                "type": "mrkdwn",
              },
              {
                "text": "_@org_/*project-2*",
                "type": "mrkdwn",
              },
              {
                "text": "_@org_/*project-3*",
                "type": "mrkdwn",
              },
              {
                "text": "_@org_/*project-4*",
                "type": "mrkdwn",
              },
              {
                "text": "_@org_/*project-5*",
                "type": "mrkdwn",
              },
              {
                "text": "_@org_/*project-6*",
                "type": "mrkdwn",
              },
              {
                "text": "_@org_/*project-7*",
                "type": "mrkdwn",
              },
              {
                "text": "_@org_/*project-8*",
                "type": "mrkdwn",
              },
              {
                "text": "_@org_/*project-9*",
                "type": "mrkdwn",
              },
            ],
            "type": "section",
          },
          {
            "fields": [
              {
                "text": "_@org_/*project-10*",
                "type": "mrkdwn",
              },
              {
                "text": "_@org_/*project-11*",
                "type": "mrkdwn",
              },
            ],
            "type": "section",
          },
          {
            "text": {
              "text": "*fix*: works perfectly, fixes <https://github.com/org/project/issues/123|#123>",
              "type": "mrkdwn",
            },
            "type": "section",
          },
          {
            "elements": [
              {
                "text": "<@slack_user_two>",
                "type": "mrkdwn",
              },
            ],
            "type": "context",
          },
          {
            "elements": [
              {
                "style": "primary",
                "text": {
                  "text": "Build Log",
                  "type": "plain_text",
                },
                "type": "button",
                "url": "example.com/actions/this_run",
              },
              {
                "text": {
                  "text": "Source",
                  "type": "plain_text",
                },
                "type": "button",
                "url": "example.com/sources/this_push",
              },
            ],
            "type": "actions",
          },
        ],
        "channel": "conversation_id",
        "text": "org/project development: success -> eyJjb21taXRzIjpbImZpeDogd29ya3MgcGVyZmVjdGx5XG5maXhlcyBvcmcvcHJvamVjdCMxMjMiXSwiY29udmVyc2F0aW9uSWQiOiJjb252ZXJzYXRpb25faWQiLCJyZXBvc2l0b3J5Ijoib3JnL3Byb2plY3QiLCJydW5VcmwiOiJleGFtcGxlLmNvbS9hY3Rpb25zL3RoaXNfcnVuIiwic2NvcGVzIjpbIkBvcmcvcHJvamVjdC0wIiwiQG9yZy9wcm9qZWN0LTEiLCJAb3JnL3Byb2plY3QtMiIsIkBvcmcvcHJvamVjdC0zIiwiQG9yZy9wcm9qZWN0LTQiLCJAb3JnL3Byb2plY3QtNSIsIkBvcmcvcHJvamVjdC02IiwiQG9yZy9wcm9qZWN0LTciLCJAb3JnL3Byb2plY3QtOCIsIkBvcmcvcHJvamVjdC05IiwiQG9yZy9wcm9qZWN0LTEwIiwiQG9yZy9wcm9qZWN0LTExIl0sInNsYWNrVG9rZW4iOiJteV9zbGFja190b2tlbiIsInNvdXJjZVVybCI6ImV4YW1wbGUuY29tL3NvdXJjZXMvdGhpc19wdXNoIiwic3RhZ2UiOiJkZXZlbG9wbWVudCIsInN0YXR1cyI6InN1Y2Nlc3MiLCJ1c2VySWRzIjp7InVzZXJfb25lIjoic2xhY2tfdXNlcl9vbmUiLCJ1c2VyX3R3byI6InNsYWNrX3VzZXJfdHdvIn0sInVzZXJuYW1lIjoidXNlcl90d28ifQ==",
      },
    ],
  ],
  "results": [
    {
      "type": "return",
      "value": Promise {},
    },
  ],
}
`;
